Microchip MPLAB XC8 Compiler V2.36

Linker command line:

-W-3 --edf=D:\Program Files\Microchip\xc8\v2.36\pic\dat\en_msgs.txt -cn \
  -h+dist/default/production\Thesis_RFID.X.production.sym \
  --cmf=dist/default/production\Thesis_RFID.X.production.cmf -z -Q18F4550 \
  -oC:\Users\raule\AppData\Local\Temp\xcAs3uk.4 --defsym=__MPLAB_BUILD=1 \
  -Mdist/default/production/Thesis_RFID.X.production.map \
  --md=C:\Users\raule\AppData\Local\Temp\xcAs3uk.dat -E1 -ver=XC8 Compiler \
  --acfsm=1493 -ACODE=00h-07FFFh -ACONST=00h-07FFFh \
  -ASMALLCONST=0800h-08FFhx120 -AMEDIUMCONST=0800h-07FFFh -ACOMRAM=01h-05Fh \
  -AABS1=00h-07FFh -ABIGRAM=01h-07FFh -ARAM=060h-0FFh,0100h-01FFhx7 \
  -ABANK0=060h-0FFh -ABANK1=0100h-01FFh -ABANK2=0200h-02FFh \
  -ABANK3=0300h-03FFh -ABANK4=0400h-04FFh -ABANK5=0500h-05FFh \
  -ABANK6=0600h-06FFh -ABANK7=0700h-07FFh -ASFR=0F60h-0FFFh \
  -ABIGSFR=0F60h-0FFFh -ACONFIG=0300000h-030000Dh -AIDLOC=0200000h-0200007h \
  -AEEDATA=0F00000h-0F000FFh -peeprom_data=EEDATA \
  -preset_vec=00h,intcode,intcodelo,powerup,init -pramtop=0800h \
  -psmallconst=SMALLCONST -pmediumconst=MEDIUMCONST -pconst=CONST \
  -AFARRAM=00h-00h \
  -prdata=COMRAM,nvrram=COMRAM,nvbit=COMRAM,rbss=COMRAM,rbit=COMRAM \
  -pfarbss=FARRAM,fardata=FARRAM,nvFARRAM=FARRAM \
  -pintsave_regs=BIGRAM,bigbss=BIGRAM,bigdata=BIGRAM -pbss=RAM \
  -pidata=CODE,irdata=CODE,ibigdata=CODE,ifardata=CODE -prparam=COMRAM \
  C:\Users\raule\AppData\Local\Temp\xcAs3uk.o \
  dist/default/production\Thesis_RFID.X.production.o 

Object code version is 3.11

Machine type is 18F4550



                Name                               Link     Load   Length Selector   Space Scale
C:\Users\raule\AppData\Local\Temp\xcAs3uk.o
                idloc                            200000   200000        8        0       5
                config                           300000   300000        E        0       4
                init                                  0        0        4        0       0
dist/default/production\Thesis_RFID.X.production.o
                idloc                            200000   200000        8        0       5
                config                           300000   300000        E        0       4
                smallconst                          800      800       28      400       0
                text77                             2C90     2C90       A4      414       0
                text76                             3686     3686       58      414       0
                text75                             398A     398A       28      414       0
                text74                             3962     3962       28      414       0
                text73                             3936     3936       2C      414       0
                text72                             3A0C     3A0C       1E      414       0
                text71                             38FE     38FE       38      414       0
                text70                             377E     377E       4C      414       0
                text69                             2458     2458       EE      414       0
                text68                             3322     3322       6A      414       0
                text67                             29BE     29BE       B6      414       0
                text66                             2904     2904       BA      414       0
                text65                             321A     321A       98      414       0
                text64                             3A78     3A78       1A      414       0
                text63                             3ADA     3ADA       18      414       0
                text62                             2F16     2F16       A0      414       0
                text61                             1C0C     1C0C      28E      414       0
                text60                             362E     362E       58      414       0
                text59                             284A     284A       BA      414       0
                text58                             3182     3182       98      414       0
                text57                             3A5E     3A5E       1A      414       0
                text56                             3AC2     3AC2       18      414       0
                text55                             2E76     2E76       A0      414       0
                text54                             197E     197E      28E      414       0
                text53                             35D6     35D6       58      414       0
                text52                             2790     2790       BA      414       0
                text51                             30EA     30EA       98      414       0
                text50                             3A44     3A44       1A      414       0
                text49                             3AAA     3AAA       18      414       0
                text48                             2DD6     2DD6       A0      414       0
                text47                             16F0     16F0      28E      414       0
                text46                             357E     357E       58      414       0
                text45                             3BA2     3BA2        C      414       0
                text44                             3B96     3B96        C      414       0
                text43                             3B8A     3B8A        C      414       0
                text42                             26D6     26D6       BA      414       0
                text41                             3052     3052       98      414       0
                text40                             3A2A     3A2A       1A      414       0
                text39                             3B7E     3B7E        C      414       0
                text38                             3B3C     3B3C       12      414       0
                text37                             3B2A     3B2A       12      414       0
                text36                             3B18     3B18       12      414       0
                text35                             3A92     3A92       18      414       0
                text34                             3B06     3B06       12      414       0
                text33                             2D34     2D34       A2      414       0
                text32                             221E     221E      134      414       0
                text31                             345C     345C       68      414       0
                text30                             3B6E     3B6E       10      414       0
                text29                             33F4     33F4       68      414       0
                text28                             3B5E     3B5E       10      414       0
                text27                             338C     338C       68      414       0
                text26                             3B4E     3B4E       10      414       0
                text25                             2BDC     2BDC       B4      414       0
                text24                             39EE     39EE       1E      414       0
                text23                             2B28     2B28       B4      414       0
                text22                             39D0     39D0       1E      414       0
                text21                             2A74     2A74       B4      414       0
                text20                             39B2     39B2       1E      414       0
                text19                              828      828      4C0      414       0
                text18                             10B2     10B2      39A      414       0
                text17                             2352     2352      106      414       0
                text16                             206A     206A      1B4      414       0
                text15                             2FB6     2FB6       9C      414       0
                text14                             3730     3730       4E      414       0
                text13                             32B2     32B2       70      414       0
                text12                             3852     3852       3C      414       0
                text11                             38C6     38C6       38      414       0
                text10                             3BAE     3BAE        2      414       0
                text9                              2546     2546       CA      414       0
                text8                              380E     380E       44      414       0
                text7                              2610     2610       C6      414       0
                text6                              388E     388E       38      414       0
                text5                              37CA     37CA       44      414       0
                text4                              144C     144C      2A4      414       0
                text3                              1E9A     1E9A      1D0      414       0
                text2                              34C4     34C4       62      414       0
                text1                              36DE     36DE       52      414       0
                text0                               CE8      CE8      3CA      414       0
                cstackCOMRAM                          1        1       5F        1       1
                cstackBANK0                          E0       E0       12       60       1
                dataBANK1                           114      114       14      100       1
                bssBANK1                            100      100       14      100       1
                dataBANK0                            F4       F4        1       60       1
                bssBANK0                             60       60       80       60       1
                bitbssBANK0                         798       F3        1       60       1     8
                cinit                              3526     3526       58      414       0
                nvBANK0                              F2       F2        1       60       1
                idataBANK1                         3AF2     3AF2       14      414       0
                idataBANK0                         3BB0     3BB0        1      414       0

TOTAL           Name                               Link     Load   Length     Space
        CLASS   CODE           
                init                                  0        0        4         0
                text77                             2C90     2C90       A4         0
                text76                             3686     3686       58         0
                text75                             398A     398A       28         0
                text74                             3962     3962       28         0
                text73                             3936     3936       2C         0
                text72                             3A0C     3A0C       1E         0
                text71                             38FE     38FE       38         0
                text70                             377E     377E       4C         0
                text69                             2458     2458       EE         0
                text68                             3322     3322       6A         0
                text67                             29BE     29BE       B6         0
                text66                             2904     2904       BA         0
                text65                             321A     321A       98         0
                text64                             3A78     3A78       1A         0
                text63                             3ADA     3ADA       18         0
                text62                             2F16     2F16       A0         0
                text61                             1C0C     1C0C      28E         0
                text60                             362E     362E       58         0
                text59                             284A     284A       BA         0
                text58                             3182     3182       98         0
                text57                             3A5E     3A5E       1A         0
                text56                             3AC2     3AC2       18         0
                text55                             2E76     2E76       A0         0
                text54                             197E     197E      28E         0
                text53                             35D6     35D6       58         0
                text52                             2790     2790       BA         0
                text51                             30EA     30EA       98         0
                text50                             3A44     3A44       1A         0
                text49                             3AAA     3AAA       18         0
                text48                             2DD6     2DD6       A0         0
                text47                             16F0     16F0      28E         0
                text46                             357E     357E       58         0
                text45                             3BA2     3BA2        C         0
                text44                             3B96     3B96        C         0
                text43                             3B8A     3B8A        C         0
                text42                             26D6     26D6       BA         0
                text41                             3052     3052       98         0
                text40                             3A2A     3A2A       1A         0
                text39                             3B7E     3B7E        C         0
                text38                             3B3C     3B3C       12         0
                text37                             3B2A     3B2A       12         0
                text36                             3B18     3B18       12         0
                text35                             3A92     3A92       18         0
                text34                             3B06     3B06       12         0
                text33                             2D34     2D34       A2         0
                text32                             221E     221E      134         0
                text31                             345C     345C       68         0
                text30                             3B6E     3B6E       10         0
                text29                             33F4     33F4       68         0
                text28                             3B5E     3B5E       10         0
                text27                             338C     338C       68         0
                text26                             3B4E     3B4E       10         0
                text25                             2BDC     2BDC       B4         0
                text24                             39EE     39EE       1E         0
                text23                             2B28     2B28       B4         0
                text22                             39D0     39D0       1E         0
                text21                             2A74     2A74       B4         0
                text20                             39B2     39B2       1E         0
                text19                              828      828      4C0         0
                text18                             10B2     10B2      39A         0
                text17                             2352     2352      106         0
                text16                             206A     206A      1B4         0
                text15                             2FB6     2FB6       9C         0
                text14                             3730     3730       4E         0
                text13                             32B2     32B2       70         0
                text12                             3852     3852       3C         0
                text11                             38C6     38C6       38         0
                text10                             3BAE     3BAE        2         0
                text9                              2546     2546       CA         0
                text8                              380E     380E       44         0
                text7                              2610     2610       C6         0
                text6                              388E     388E       38         0
                text5                              37CA     37CA       44         0
                text4                              144C     144C      2A4         0
                text3                              1E9A     1E9A      1D0         0
                text2                              34C4     34C4       62         0
                text1                              36DE     36DE       52         0
                text0                               CE8      CE8      3CA         0
                cinit                              3526     3526       58         0
                idataBANK1                         3AF2     3AF2       14         0
                idataBANK0                         3BB0     3BB0        1         0

        CLASS   CONST          

        CLASS   SMALLCONST     
                smallconst                          800      800       28         0

        CLASS   MEDIUMCONST    

        CLASS   COMRAM         
                cstackCOMRAM                          1        1       5F         1

        CLASS   ABS1           

        CLASS   BIGRAM         

        CLASS   RAM            

        CLASS   BANK0          
                cstackBANK0                          E0       E0       12         1
                dataBANK0                            F4       F4        1         1
                bssBANK0                             60       60       80         1
                bitbssBANK0                         798       F3        1         1
                nvBANK0                              F2       F2        1         1

        CLASS   BANK1          
                dataBANK1                           114      114       14         1
                bssBANK1                            100      100       14         1

        CLASS   BANK2          

        CLASS   BANK3          

        CLASS   BANK4          

        CLASS   BANK5          

        CLASS   BANK6          

        CLASS   BANK7          

        CLASS   SFR            

        CLASS   BIGSFR         

        CLASS   CONFIG         
                config                           300000   300000        E         4

        CLASS   IDLOC          
                idloc                            200000   200000        8         5

        CLASS   EEDATA         

        CLASS   FARRAM         

        CLASS   HEAP           

        CLASS   STACK          



SEGMENTS        Name                           Load    Length   Top    Selector   Space  Class

                reset_vec                      000000  000004  000004         0       0  CODE    
                cstackCOMRAM                   000001  00005F  000060         1       1  COMRAM  
                bssBANK0                       000060  000095  0000F5        60       1  BANK0   
                bssBANK1                       000100  000028  000128       100       1  BANK1   
                smallconst                     000800  000028  000828       400       0  SMALLCON
                text19                         000828  003389  003BB1       414       0  CODE    


UNUSED ADDRESS RANGES

        Name                Unused          Largest block    Delta
        BANK0            0000F5-0000FF                B
        BANK1            000128-0001FF               D8
        BANK2            000200-0002FF              100
        BANK3            000300-0003FF              100
        BANK4            000400-0004FF              100
        BANK5            000500-0005FF              100
        BANK6            000600-0006FF              100
        BANK7            000700-0007FF              100
        BIGRAM           0000F5-0000FF                B
                         000128-0007FF              6D8
        BIGSFR           000F60-000FFF               A0
        CODE             000004-0007FF              7FC
                         003BB1-007FFF             444F
        CONST            000004-0007FF              7FC
                         003BB1-007FFF             444F
        EEDATA           F00000-F000FF              100
        MEDIUMCONST      003BB1-007FFF             444F
        RAM              0000F5-0000FF                B
                         000128-0007FF              100
        SFR              000F60-000FFF               A0
        SMALLCONST       003BB1-007FFF              100

                                  Symbol Table

?___fladd                        cstackCOMRAM 000028
?___fldiv                        cstackCOMRAM 00000F
?___fltol                        cstackCOMRAM 000001
?___lldiv                        cstackCOMRAM 000001
?___xxtofl                       cstackCOMRAM 000001
?_isalpha                        cstackCOMRAM 000001
?_islower                        cstackCOMRAM 000001
?_isupper                        cstackCOMRAM 000001
?_pad                            cstackCOMRAM 000011
?_sprintf                        cstackCOMRAM 00005A
?_strlen                         cstackCOMRAM 000001
?_toupper                        cstackCOMRAM 000007
?_vfpfcnvrt                      cstackCOMRAM 00003F
?_vfprintf                       cstackCOMRAM 000052
?_xtoa                           cstackCOMRAM 00001C
Expander_Write@value             cstackCOMRAM 000003
I2CLCD_Init@i2c_clk_freq         cstackCOMRAM 00000E
I2CLCD_Write@i2c_data            cstackCOMRAM 000002
LCD_Begin@_i2c_addr              cstackCOMRAM 000009
LCD_Cmd@Command                  cstackCOMRAM 000006
LCD_Goto@col                     cstackCOMRAM 00000A
LCD_Goto@row                     cstackCOMRAM 000007
LCD_Print@LCD_Str                cstackCOMRAM 000005
LCD_Print@i                      cstackCOMRAM 00000A
LCD_Write_Nibble@n               cstackCOMRAM 000004
MFRC522_AntiColl2@_status        cstackCOMRAM 000026
MFRC522_AntiColl2@i              cstackCOMRAM 000027
MFRC522_AntiColl2@serNum         cstackCOMRAM 000020
MFRC522_AntiColl2@serNumCheck    cstackCOMRAM 000023
MFRC522_AntiColl2@unLen          cstackCOMRAM 000024
MFRC522_AntiColl3@_status        cstackCOMRAM 000026
MFRC522_AntiColl3@i              cstackCOMRAM 000027
MFRC522_AntiColl3@serNum         cstackCOMRAM 000020
MFRC522_AntiColl3@serNumCheck    cstackCOMRAM 000023
MFRC522_AntiColl3@unLen          cstackCOMRAM 000024
MFRC522_AntiColl@_status         cstackCOMRAM 000026
MFRC522_AntiColl@i               cstackCOMRAM 000027
MFRC522_AntiColl@serNum          cstackCOMRAM 000020
MFRC522_AntiColl@serNumCheck     cstackCOMRAM 000023
MFRC522_AntiColl@unLen           cstackCOMRAM 000024
MFRC522_CRC2@dataIn              cstackCOMRAM 00000D
MFRC522_CRC2@dataOut             cstackCOMRAM 000010
MFRC522_CRC2@i                   cstackCOMRAM 000013
MFRC522_CRC2@length              cstackCOMRAM 00000F
MFRC522_CRC2@n                   cstackCOMRAM 000012
MFRC522_CRC3@dataIn              cstackCOMRAM 00000D
MFRC522_CRC3@dataOut             cstackCOMRAM 000010
MFRC522_CRC3@i                   cstackCOMRAM 000013
MFRC522_CRC3@length              cstackCOMRAM 00000F
MFRC522_CRC3@n                   cstackCOMRAM 000012
MFRC522_CRC@dataIn               cstackCOMRAM 00000D
MFRC522_CRC@dataOut              cstackCOMRAM 000010
MFRC522_CRC@i                    cstackCOMRAM 000013
MFRC522_CRC@length               cstackCOMRAM 00000F
MFRC522_CRC@n                    cstackCOMRAM 000012
MFRC522_Clear_Bit2@addr          cstackCOMRAM 00000C
MFRC522_Clear_Bit2@mask          cstackCOMRAM 00000A
MFRC522_Clear_Bit2@tmp           cstackCOMRAM 00000B
MFRC522_Clear_Bit3@addr          cstackCOMRAM 00000C
MFRC522_Clear_Bit3@mask          cstackCOMRAM 00000A
MFRC522_Clear_Bit3@tmp           cstackCOMRAM 00000B
MFRC522_Clear_Bit4@addr          cstackCOMRAM 00000C
MFRC522_Clear_Bit4@mask          cstackCOMRAM 00000A
MFRC522_Clear_Bit4@tmp           cstackCOMRAM 00000B
MFRC522_Clear_Bit@addr           cstackCOMRAM 00000C
MFRC522_Clear_Bit@mask           cstackCOMRAM 00000A
MFRC522_Clear_Bit@tmp            cstackCOMRAM 00000B
MFRC522_Halt2@buff               cstackCOMRAM 000020
MFRC522_Halt2@unLen              cstackCOMRAM 000024
MFRC522_Halt3@buff               cstackCOMRAM 000020
MFRC522_Halt3@unLen              cstackCOMRAM 000024
MFRC522_Halt@buff                cstackCOMRAM 000020
MFRC522_Halt@unLen               cstackCOMRAM 000024
MFRC522_IsCard2@TagType          cstackCOMRAM 000026
MFRC522_IsCard3@TagType          cstackCOMRAM 000026
MFRC522_IsCard@TagType           cstackCOMRAM 000026
MFRC522_Rd2@address              cstackCOMRAM 000003
MFRC522_Rd2@i                    cstackCOMRAM 000008
MFRC522_Rd2@ucAddr               cstackCOMRAM 000004
MFRC522_Rd2@ucResult             cstackCOMRAM 000006
MFRC522_Rd3@address              cstackCOMRAM 000003
MFRC522_Rd3@i                    cstackCOMRAM 000008
MFRC522_Rd3@ucAddr               cstackCOMRAM 000004
MFRC522_Rd3@ucResult             cstackCOMRAM 000006
MFRC522_Rd4@address              cstackCOMRAM 000003
MFRC522_Rd4@i                    cstackCOMRAM 000008
MFRC522_Rd4@ucAddr               cstackCOMRAM 000004
MFRC522_Rd4@ucResult             cstackCOMRAM 000006
MFRC522_Rd@address               cstackCOMRAM 000003
MFRC522_Rd@i                     cstackCOMRAM 000008
MFRC522_Rd@ucAddr                cstackCOMRAM 000004
MFRC522_Rd@ucResult              cstackCOMRAM 000006
MFRC522_ReadCardSerial2@str      cstackCOMRAM 000028
MFRC522_ReadCardSerial3@str      cstackCOMRAM 000028
MFRC522_ReadCardSerial@str       cstackCOMRAM 000028
MFRC522_Request2@TagType         cstackCOMRAM 000020
MFRC522_Request2@_status         cstackCOMRAM 000023
MFRC522_Request2@backBits        cstackCOMRAM 000024
MFRC522_Request2@reqMode         cstackCOMRAM 000022
MFRC522_Request3@TagType         cstackCOMRAM 000020
MFRC522_Request3@_status         cstackCOMRAM 000023
MFRC522_Request3@backBits        cstackCOMRAM 000024
MFRC522_Request3@reqMode         cstackCOMRAM 000022
MFRC522_Request@TagType          cstackCOMRAM 000020
MFRC522_Request@_status          cstackCOMRAM 000023
MFRC522_Request@backBits         cstackCOMRAM 000024
MFRC522_Request@reqMode          cstackCOMRAM 000022
MFRC522_Set_Bit2@addr            cstackCOMRAM 00000C
MFRC522_Set_Bit2@mask            cstackCOMRAM 00000A
MFRC522_Set_Bit2@tmp             cstackCOMRAM 00000B
MFRC522_Set_Bit3@addr            cstackCOMRAM 00000C
MFRC522_Set_Bit3@mask            cstackCOMRAM 00000A
MFRC522_Set_Bit3@tmp             cstackCOMRAM 00000B
MFRC522_Set_Bit4@addr            cstackCOMRAM 00000C
MFRC522_Set_Bit4@mask            cstackCOMRAM 00000A
MFRC522_Set_Bit4@tmp             cstackCOMRAM 00000B
MFRC522_Set_Bit@addr             cstackCOMRAM 00000C
MFRC522_Set_Bit@mask             cstackCOMRAM 00000A
MFRC522_Set_Bit@tmp              cstackCOMRAM 00000B
MFRC522_ToCard2@_status          cstackCOMRAM 000019
MFRC522_ToCard2@backData         cstackCOMRAM 000010
MFRC522_ToCard2@backLen          cstackCOMRAM 000012
MFRC522_ToCard2@command          cstackCOMRAM 00001C
MFRC522_ToCard2@i                cstackCOMRAM 00001D
MFRC522_ToCard2@irqEn            cstackCOMRAM 00001B
MFRC522_ToCard2@lastBits         cstackCOMRAM 00001A
MFRC522_ToCard2@n                cstackCOMRAM 00001F
MFRC522_ToCard2@sendData         cstackCOMRAM 00000D
MFRC522_ToCard2@sendLen          cstackCOMRAM 00000F
MFRC522_ToCard2@waitIRq          cstackCOMRAM 000018
MFRC522_ToCard3@_status          cstackCOMRAM 000019
MFRC522_ToCard3@backData         cstackCOMRAM 000010
MFRC522_ToCard3@backLen          cstackCOMRAM 000012
MFRC522_ToCard3@command          cstackCOMRAM 00001C
MFRC522_ToCard3@i                cstackCOMRAM 00001D
MFRC522_ToCard3@irqEn            cstackCOMRAM 00001B
MFRC522_ToCard3@lastBits         cstackCOMRAM 00001A
MFRC522_ToCard3@n                cstackCOMRAM 00001F
MFRC522_ToCard3@sendData         cstackCOMRAM 00000D
MFRC522_ToCard3@sendLen          cstackCOMRAM 00000F
MFRC522_ToCard3@waitIRq          cstackCOMRAM 000018
MFRC522_ToCard@_status           cstackCOMRAM 000019
MFRC522_ToCard@backData          cstackCOMRAM 000010
MFRC522_ToCard@backLen           cstackCOMRAM 000012
MFRC522_ToCard@command           cstackCOMRAM 00001C
MFRC522_ToCard@i                 cstackCOMRAM 00001D
MFRC522_ToCard@irqEn             cstackCOMRAM 00001B
MFRC522_ToCard@lastBits          cstackCOMRAM 00001A
MFRC522_ToCard@n                 cstackCOMRAM 00001F
MFRC522_ToCard@sendData          cstackCOMRAM 00000D
MFRC522_ToCard@sendLen           cstackCOMRAM 00000F
MFRC522_ToCard@waitIRq           cstackCOMRAM 000018
MFRC522_Wr2@address              cstackCOMRAM 000003
MFRC522_Wr2@i                    cstackCOMRAM 000005
MFRC522_Wr2@ucAddr               cstackCOMRAM 000004
MFRC522_Wr2@value                cstackCOMRAM 000001
MFRC522_Wr3@address              cstackCOMRAM 000003
MFRC522_Wr3@i                    cstackCOMRAM 000005
MFRC522_Wr3@ucAddr               cstackCOMRAM 000004
MFRC522_Wr3@value                cstackCOMRAM 000001
MFRC522_Wr4@address              cstackCOMRAM 000003
MFRC522_Wr4@i                    cstackCOMRAM 000005
MFRC522_Wr4@ucAddr               cstackCOMRAM 000004
MFRC522_Wr4@value                cstackCOMRAM 000001
MFRC522_Wr@address               cstackCOMRAM 000003
MFRC522_Wr@i                     cstackCOMRAM 000005
MFRC522_Wr@ucAddr                cstackCOMRAM 000004
MFRC522_Wr@value                 cstackCOMRAM 000001
USART_Init@baud_rate             cstackCOMRAM 000038
USART_Init@temp                  cstackCOMRAM 00003C
USART_TxChar@i                   cstackCOMRAM 000009
USART_TxChar@out                 cstackCOMRAM 000005
_ACKDT                           (abs)        007E2D
_ACKEN                           (abs)        007E2C
_CREN                            (abs)        007D5C
_Expander_Write                  text72       003A0C
_I2CLCD_Init                     text76       003686
_I2CLCD_Start                    text75       00398A
_I2CLCD_Stop                     text74       003962
_I2CLCD_Write                    text73       003936
_INTCONbits                      (abs)        000FF2
_LATAbits                        (abs)        000F89
_LATDbits                        (abs)        000F8C
_LCD_Begin                       text69       002458
_LCD_Cmd                         text70       00377E
_LCD_Goto                        text68       003322
_LCD_Print                       text67       0029BE
_LCD_Write_Nibble                text71       0038FE
_MFRC522_AntennaOff              text45       003BA2
_MFRC522_AntennaOff2             text44       003B96
_MFRC522_AntennaOff3             text43       003B8A
_MFRC522_AntennaOff4             text39       003B7E
_MFRC522_AntennaOn               text38       003B3C
_MFRC522_AntennaOn2              text37       003B2A
_MFRC522_AntennaOn3              text36       003B18
_MFRC522_AntennaOn4              text34       003B06
_MFRC522_AntiColl                text25       002BDC
_MFRC522_AntiColl2               text23       002B28
_MFRC522_AntiColl3               text21       002A74
_MFRC522_CRC                     text62       002F16
_MFRC522_CRC2                    text55       002E76
_MFRC522_CRC3                    text48       002DD6
_MFRC522_Clear_Bit               text64       003A78
_MFRC522_Clear_Bit2              text57       003A5E
_MFRC522_Clear_Bit3              text50       003A44
_MFRC522_Clear_Bit4              text40       003A2A
_MFRC522_Halt                    text60       00362E
_MFRC522_Halt2                   text53       0035D6
_MFRC522_Halt3                   text46       00357E
_MFRC522_Init                    text32       00221E
_MFRC522_IsCard                  text30       003B6E
_MFRC522_IsCard2                 text28       003B5E
_MFRC522_IsCard3                 text26       003B4E
_MFRC522_Rd                      text66       002904
_MFRC522_Rd2                     text59       00284A
_MFRC522_Rd3                     text52       002790
_MFRC522_Rd4                     text42       0026D6
_MFRC522_ReadCardSerial          text24       0039EE
_MFRC522_ReadCardSerial2         text22       0039D0
_MFRC522_ReadCardSerial3         text20       0039B2
_MFRC522_Request                 text31       00345C
_MFRC522_Request2                text29       0033F4
_MFRC522_Request3                text27       00338C
_MFRC522_Reset                   text33       002D34
_MFRC522_Set_Bit                 text63       003ADA
_MFRC522_Set_Bit2                text56       003AC2
_MFRC522_Set_Bit3                text49       003AAA
_MFRC522_Set_Bit4                text35       003A92
_MFRC522_ToCard                  text61       001C0C
_MFRC522_ToCard2                 text54       00197E
_MFRC522_ToCard3                 text47       0016F0
_MFRC522_Wr                      text65       00321A
_MFRC522_Wr2                     text58       003182
_MFRC522_Wr3                     text51       0030EA
_MFRC522_Wr4                     text41       003052
_PEN                             (abs)        007E2A
_PIE1bits                        (abs)        000F9D
_PORTDbits                       (abs)        000F83
_RCEN                            (abs)        007E2B
_RCIF                            (abs)        007CF5
_RCREG                           (abs)        000FAE
_RCSTA                           (abs)        000FAB
_RCSTAbits                       (abs)        000FAB
_RS                              bitbssBANK0  000798
_RSEN                            (abs)        007E29
_SEN                             (abs)        007E28
_SPBRG                           (abs)        000FAF
_SSPADD                          (abs)        000FC8
_SSPBUF                          (abs)        000FC9
_SSPCON1                         (abs)        000FC6
_SSPCON2                         (abs)        000FC5
_SSPSTAT                         (abs)        000FC7
_TRISAbits                       (abs)        000F92
_TRISC6                          (abs)        007CA6
_TRISC7                          (abs)        007CA7
_TRISDbits                       (abs)        000F95
_TXIF                            (abs)        007CF4
_TXREG                           (abs)        000FAD
_TXSTA                           (abs)        000FAC
_TagType1                        bssBANK0     0000DF
_TagType2                        bssBANK0     0000DE
_TagType3                        bssBANK0     0000DD
_TagType4                        bssBANK0     000068
_UID_1                           bssBANK0     0000B5
_UID_2                           bssBANK0     0000A1
_UID_3                           bssBANK0     00008D
_UID_4                           bssBANK1     000100
_USART_Init                      text15       002FB6
_USART_TxChar                    text13       0032B2
__HRAM                           (abs)        000000
__Habs1                          abs1         000000
__Hbank0                         bank0        000000
__Hbank1                         bank1        000000
__Hbank2                         bank2        000000
__Hbank3                         bank3        000000
__Hbank4                         bank4        000000
__Hbank5                         bank5        000000
__Hbank6                         bank6        000000
__Hbank7                         bank7        000000
__Hbigbss                        bigbss       000000
__Hbigdata                       bigdata      000000
__Hbigram                        bigram       000000
__Hbigsfr                        bigsfr       000000
__HbitbssBANK0                   bitbssBANK0  000000
__Hbss                           bss          000000
__HbssBANK0                      bssBANK0     000000
__HbssBANK1                      bssBANK1     000000
__Hcinit                         cinit        000000
__Hclrtext                       clrtext      000000
__Hcomram                        comram       000000
__Hconfig                        config       30000E
__Hconst                         const        000000
__HcstackBANK0                   cstackBANK0  000000
__HcstackCOMRAM                  cstackCOMRAM 000000
__Hdata                          data         000000
__HdataBANK0                     dataBANK0    000000
__HdataBANK1                     dataBANK1    000000
__Heeprom_data                   eeprom_data  000000
__Hfarbss                        farbss       000000
__Hfardata                       fardata      000000
__Hheap                          heap         000000
__Hibigdata                      ibigdata     000000
__Hidata                         idata        000000
__HidataBANK0                    idataBANK0   000000
__HidataBANK1                    idataBANK1   000000
__Hidloc                         idloc        200008
__Hifardata                      ifardata     000000
__Hinit                          init         000004
__Hintcode                       intcode      000000
__Hintcode_body                  intcode_body 000000
__Hintcodelo                     intcodelo    000000
__Hintentry                      intentry     000000
__Hintret                        intret       000000
__Hintsave_regs                  intsave_regs 000000
__Hirdata                        irdata       000000
__Hmediumconst                   mediumconst  000000
__HnvBANK0                       nvBANK0      000000
__HnvFARRAM                      nvFARRAM     000000
__Hnvbit                         nvbit        000000
__Hnvrram                        nvrram       000000
__Hparam                         rparam       000000
__Hpowerup                       powerup      000000
__Hram                           ram          000000
__Hramtop                        ramtop       000800
__Hrbit                          rbit         000000
__Hrbss                          rbss         000000
__Hrdata                         rdata        000000
__Hreset_vec                     reset_vec    000000
__Hrparam                        rparam       000000
__Hsfr                           sfr          000000
__Hsmallconst                    smallconst   000828
__Hspace_0                       (abs)        003BB1
__Hspace_1                       (abs)        000799
__Hspace_2                       (abs)        000000
__Hspace_4                       (abs)        60000E
__Hstack                         stack        000000
__Hstruct                        struct       000000
__Htemp                          temp         000000
__Htext                          text         000000
__Htext0                         text0        000000
__Htext1                         text1        000000
__Htext10                        text10       000000
__Htext11                        text11       000000
__Htext12                        text12       000000
__Htext13                        text13       000000
__Htext14                        text14       000000
__Htext15                        text15       000000
__Htext16                        text16       000000
__Htext17                        text17       000000
__Htext18                        text18       000000
__Htext19                        text19       000000
__Htext2                         text2        000000
__Htext20                        text20       000000
__Htext21                        text21       000000
__Htext22                        text22       000000
__Htext23                        text23       000000
__Htext24                        text24       000000
__Htext25                        text25       000000
__Htext26                        text26       000000
__Htext27                        text27       000000
__Htext28                        text28       000000
__Htext29                        text29       000000
__Htext3                         text3        000000
__Htext30                        text30       000000
__Htext31                        text31       000000
__Htext32                        text32       000000
__Htext33                        text33       000000
__Htext34                        text34       000000
__Htext35                        text35       000000
__Htext36                        text36       000000
__Htext37                        text37       000000
__Htext38                        text38       000000
__Htext39                        text39       000000
__Htext4                         text4        000000
__Htext40                        text40       000000
__Htext41                        text41       000000
__Htext42                        text42       000000
__Htext43                        text43       000000
__Htext44                        text44       000000
__Htext45                        text45       000000
__Htext46                        text46       000000
__Htext47                        text47       000000
__Htext48                        text48       000000
__Htext49                        text49       000000
__Htext5                         text5        000000
__Htext50                        text50       000000
__Htext51                        text51       000000
__Htext52                        text52       000000
__Htext53                        text53       000000
__Htext54                        text54       000000
__Htext55                        text55       000000
__Htext56                        text56       000000
__Htext57                        text57       000000
__Htext58                        text58       000000
__Htext59                        text59       000000
__Htext6                         text6        000000
__Htext60                        text60       000000
__Htext61                        text61       000000
__Htext62                        text62       000000
__Htext63                        text63       000000
__Htext64                        text64       000000
__Htext65                        text65       000000
__Htext66                        text66       000000
__Htext67                        text67       000000
__Htext68                        text68       000000
__Htext69                        text69       000000
__Htext7                         text7        000000
__Htext70                        text70       000000
__Htext71                        text71       000000
__Htext72                        text72       000000
__Htext73                        text73       000000
__Htext74                        text74       000000
__Htext75                        text75       000000
__Htext76                        text76       000000
__Htext77                        text77       000000
__Htext8                         text8        000000
__Htext9                         text9        000000
__LRAM                           (abs)        000001
__Labs1                          abs1         000000
__Lbank0                         bank0        000000
__Lbank1                         bank1        000000
__Lbank2                         bank2        000000
__Lbank3                         bank3        000000
__Lbank4                         bank4        000000
__Lbank5                         bank5        000000
__Lbank6                         bank6        000000
__Lbank7                         bank7        000000
__Lbigbss                        bigbss       000000
__Lbigdata                       bigdata      000000
__Lbigram                        bigram       000000
__Lbigsfr                        bigsfr       000000
__LbitbssBANK0                   bitbssBANK0  000000
__Lbss                           bss          000000
__LbssBANK0                      bssBANK0     000000
__LbssBANK1                      bssBANK1     000000
__Lcinit                         cinit        000000
__Lclrtext                       clrtext      000000
__Lcomram                        comram       000000
__Lconfig                        config       000000
__Lconst                         const        000000
__LcstackBANK0                   cstackBANK0  000000
__LcstackCOMRAM                  cstackCOMRAM 000000
__Ldata                          data         000000
__LdataBANK0                     dataBANK0    000000
__LdataBANK1                     dataBANK1    000000
__Leeprom_data                   eeprom_data  000000
__Lfarbss                        farbss       000000
__Lfardata                       fardata      000000
__Lheap                          heap         000000
__Libigdata                      ibigdata     000000
__Lidata                         idata        000000
__LidataBANK0                    idataBANK0   000000
__LidataBANK1                    idataBANK1   000000
__Lidloc                         idloc        000000
__Lifardata                      ifardata     000000
__Linit                          init         000000
__Lintcode                       intcode      000000
__Lintcode_body                  intcode_body 000000
__Lintcodelo                     intcodelo    000000
__Lintentry                      intentry     000000
__Lintret                        intret       000000
__Lintsave_regs                  intsave_regs 000000
__Lirdata                        irdata       000000
__Lmediumconst                   mediumconst  000000
__LnvBANK0                       nvBANK0      000000
__LnvFARRAM                      nvFARRAM     000000
__Lnvbit                         nvbit        000000
__Lnvrram                        nvrram       000000
__Lparam                         rparam       000000
__Lpowerup                       powerup      000000
__Lram                           ram          000000
__Lramtop                        ramtop       000800
__Lrbit                          rbit         000000
__Lrbss                          rbss         000000
__Lrdata                         rdata        000000
__Lreset_vec                     reset_vec    000000
__Lrparam                        rparam       000000
__Lsfr                           sfr          000000
__Lsmallconst                    smallconst   000800
__Lspace_0                       (abs)        000000
__Lspace_1                       (abs)        000000
__Lspace_2                       (abs)        000000
__Lspace_4                       (abs)        000000
__Lstack                         stack        000000
__Lstruct                        struct       000000
__Ltemp                          temp         000000
__Ltext                          text         000000
__Ltext0                         text0        000000
__Ltext1                         text1        000000
__Ltext10                        text10       000000
__Ltext11                        text11       000000
__Ltext12                        text12       000000
__Ltext13                        text13       000000
__Ltext14                        text14       000000
__Ltext15                        text15       000000
__Ltext16                        text16       000000
__Ltext17                        text17       000000
__Ltext18                        text18       000000
__Ltext19                        text19       000000
__Ltext2                         text2        000000
__Ltext20                        text20       000000
__Ltext21                        text21       000000
__Ltext22                        text22       000000
__Ltext23                        text23       000000
__Ltext24                        text24       000000
__Ltext25                        text25       000000
__Ltext26                        text26       000000
__Ltext27                        text27       000000
__Ltext28                        text28       000000
__Ltext29                        text29       000000
__Ltext3                         text3        000000
__Ltext30                        text30       000000
__Ltext31                        text31       000000
__Ltext32                        text32       000000
__Ltext33                        text33       000000
__Ltext34                        text34       000000
__Ltext35                        text35       000000
__Ltext36                        text36       000000
__Ltext37                        text37       000000
__Ltext38                        text38       000000
__Ltext39                        text39       000000
__Ltext4                         text4        000000
__Ltext40                        text40       000000
__Ltext41                        text41       000000
__Ltext42                        text42       000000
__Ltext43                        text43       000000
__Ltext44                        text44       000000
__Ltext45                        text45       000000
__Ltext46                        text46       000000
__Ltext47                        text47       000000
__Ltext48                        text48       000000
__Ltext49                        text49       000000
__Ltext5                         text5        000000
__Ltext50                        text50       000000
__Ltext51                        text51       000000
__Ltext52                        text52       000000
__Ltext53                        text53       000000
__Ltext54                        text54       000000
__Ltext55                        text55       000000
__Ltext56                        text56       000000
__Ltext57                        text57       000000
__Ltext58                        text58       000000
__Ltext59                        text59       000000
__Ltext6                         text6        000000
__Ltext60                        text60       000000
__Ltext61                        text61       000000
__Ltext62                        text62       000000
__Ltext63                        text63       000000
__Ltext64                        text64       000000
__Ltext65                        text65       000000
__Ltext66                        text66       000000
__Ltext67                        text67       000000
__Ltext68                        text68       000000
__Ltext69                        text69       000000
__Ltext7                         text7        000000
__Ltext70                        text70       000000
__Ltext71                        text71       000000
__Ltext72                        text72       000000
__Ltext73                        text73       000000
__Ltext74                        text74       000000
__Ltext75                        text75       000000
__Ltext76                        text76       000000
__Ltext77                        text77       000000
__Ltext8                         text8        000000
__Ltext9                         text9        000000
__S0                             (abs)        003BB1
__S1                             (abs)        000128
__S4                             (abs)        000000
__S5                             (abs)        000000
___fladd                         text19       000828
___fladd@a                       cstackCOMRAM 00002C
___fladd@aexp                    cstackCOMRAM 000035
___fladd@b                       cstackCOMRAM 000028
___fladd@bexp                    cstackCOMRAM 000036
___fladd@grs                     cstackCOMRAM 000037
___fladd@signs                   cstackCOMRAM 000034
___fldiv                         text18       0010B2
___fldiv@a                       cstackCOMRAM 000013
___fldiv@aexp                    cstackCOMRAM 000027
___fldiv@b                       cstackCOMRAM 00000F
___fldiv@bexp                    cstackCOMRAM 000026
___fldiv@grs                     cstackCOMRAM 000022
___fldiv@new_exp                 cstackCOMRAM 000020
___fldiv@rem                     cstackCOMRAM 00001B
___fldiv@sign                    cstackCOMRAM 00001F
___fltol                         text17       002352
___fltol@exp1                    cstackCOMRAM 00000A
___fltol@f1                      cstackCOMRAM 000001
___fltol@sign1                   cstackCOMRAM 000009
___heap_hi                       (abs)        000000
___heap_lo                       (abs)        000000
___inthi_sp                      stack        000000
___intlo_sp                      stack        000000
___lldiv                         text77       002C90
___lldiv@counter                 cstackCOMRAM 00000D
___lldiv@dividend                cstackCOMRAM 000001
___lldiv@divisor                 cstackCOMRAM 000005
___lldiv@quotient                cstackCOMRAM 000009
___param_bank                    (abs)        000000
___rparam_used                   (abs)        000001
___sp                            stack        000000
___xxtofl                        text16       00206A
___xxtofl@arg                    cstackCOMRAM 00000B
___xxtofl@exp                    cstackCOMRAM 00000A
___xxtofl@sign                   cstackCOMRAM 000009
___xxtofl@val                    cstackCOMRAM 000001
__accesstop                      (abs)        000060
__activetblptr                   (abs)        000002
__end_of_Expander_Write          text72       003A2A
__end_of_I2CLCD_Init             text76       0036DE
__end_of_I2CLCD_Start            text75       0039B2
__end_of_I2CLCD_Stop             text74       00398A
__end_of_I2CLCD_Write            text73       003962
__end_of_LCD_Begin               text69       002546
__end_of_LCD_Cmd                 text70       0037CA
__end_of_LCD_Goto                text68       00338C
__end_of_LCD_Print               text67       002A74
__end_of_LCD_Write_Nibble        text71       003936
__end_of_MFRC522_AntennaOff      text45       003BAE
__end_of_MFRC522_AntennaOff2     text44       003BA2
__end_of_MFRC522_AntennaOff3     text43       003B96
__end_of_MFRC522_AntennaOff4     text39       003B8A
__end_of_MFRC522_AntennaOn       text38       003B4E
__end_of_MFRC522_AntennaOn2      text37       003B3C
__end_of_MFRC522_AntennaOn3      text36       003B2A
__end_of_MFRC522_AntennaOn4      text34       003B18
__end_of_MFRC522_AntiColl        text25       002C90
__end_of_MFRC522_AntiColl2       text23       002BDC
__end_of_MFRC522_AntiColl3       text21       002B28
__end_of_MFRC522_CRC             text62       002FB6
__end_of_MFRC522_CRC2            text55       002F16
__end_of_MFRC522_CRC3            text48       002E76
__end_of_MFRC522_Clear_Bit       text64       003A92
__end_of_MFRC522_Clear_Bit2      text57       003A78
__end_of_MFRC522_Clear_Bit3      text50       003A5E
__end_of_MFRC522_Clear_Bit4      text40       003A44
__end_of_MFRC522_Halt            text60       003686
__end_of_MFRC522_Halt2           text53       00362E
__end_of_MFRC522_Halt3           text46       0035D6
__end_of_MFRC522_Init            text32       002352
__end_of_MFRC522_IsCard          text30       003B7E
__end_of_MFRC522_IsCard2         text28       003B6E
__end_of_MFRC522_IsCard3         text26       003B5E
__end_of_MFRC522_Rd              text66       0029BE
__end_of_MFRC522_Rd2             text59       002904
__end_of_MFRC522_Rd3             text52       00284A
__end_of_MFRC522_Rd4             text42       002790
__end_of_MFRC522_ReadCardSerial  text24       003A0C
__end_of_MFRC522_ReadCardSerial2 text22       0039EE
__end_of_MFRC522_ReadCardSerial3 text20       0039D0
__end_of_MFRC522_Request         text31       0034C4
__end_of_MFRC522_Request2        text29       00345C
__end_of_MFRC522_Request3        text27       0033F4
__end_of_MFRC522_Reset           text33       002DD6
__end_of_MFRC522_Set_Bit         text63       003AF2
__end_of_MFRC522_Set_Bit2        text56       003ADA
__end_of_MFRC522_Set_Bit3        text49       003AC2
__end_of_MFRC522_Set_Bit4        text35       003AAA
__end_of_MFRC522_ToCard          text61       001E9A
__end_of_MFRC522_ToCard2         text54       001C0C
__end_of_MFRC522_ToCard3         text47       00197E
__end_of_MFRC522_Wr              text65       0032B2
__end_of_MFRC522_Wr2             text58       00321A
__end_of_MFRC522_Wr3             text51       003182
__end_of_MFRC522_Wr4             text41       0030EA
__end_of_USART_Init              text15       003052
__end_of_USART_TxChar            text13       003322
__end_of___fladd                 text19       000CE8
__end_of___fldiv                 text18       00144C
__end_of___fltol                 text17       002458
__end_of___lldiv                 text77       002D34
__end_of___xxtofl                text16       00221E
__end_of__initialization         cinit        003574
__end_of_fputc                   text9        002610
__end_of_fputs                   text8        003852
__end_of_isalpha                 text12       00388E
__end_of_islower                 text6        0038C6
__end_of_isupper                 text11       0038FE
__end_of_main                    text0        0010B2
__end_of_pad                     text7        0026D6
__end_of_putch                   text10       003BB0
__end_of_sprintf                 text1        003730
__end_of_strlen                  text14       00377E
__end_of_toupper                 text5        00380E
__end_of_vfpfcnvrt               text3        00206A
__end_of_vfprintf                text2        003526
__end_of_xtoa                    text4        0016F0
__initialization                 cinit        003526
__mediumconst                    mediumconst  000000
__pbitbssBANK0                   bitbssBANK0  000798
__pbssBANK0                      bssBANK0     000060
__pbssBANK1                      bssBANK1     000100
__pcinit                         cinit        003526
__pcstackBANK0                   cstackBANK0  0000E0
__pcstackCOMRAM                  cstackCOMRAM 000001
__pdataBANK0                     dataBANK0    0000F4
__pdataBANK1                     dataBANK1    000114
__pidataBANK0                    idataBANK0   003BB0
__pidataBANK1                    idataBANK1   003AF2
__pnvBANK0                       nvBANK0      0000F2
__psmallconst                    smallconst   000800
__ptext0                         text0        000CE8
__ptext1                         text1        0036DE
__ptext10                        text10       003BAE
__ptext11                        text11       0038C6
__ptext12                        text12       003852
__ptext13                        text13       0032B2
__ptext14                        text14       003730
__ptext15                        text15       002FB6
__ptext16                        text16       00206A
__ptext17                        text17       002352
__ptext18                        text18       0010B2
__ptext19                        text19       000828
__ptext2                         text2        0034C4
__ptext20                        text20       0039B2
__ptext21                        text21       002A74
__ptext22                        text22       0039D0
__ptext23                        text23       002B28
__ptext24                        text24       0039EE
__ptext25                        text25       002BDC
__ptext26                        text26       003B4E
__ptext27                        text27       00338C
__ptext28                        text28       003B5E
__ptext29                        text29       0033F4
__ptext3                         text3        001E9A
__ptext30                        text30       003B6E
__ptext31                        text31       00345C
__ptext32                        text32       00221E
__ptext33                        text33       002D34
__ptext34                        text34       003B06
__ptext35                        text35       003A92
__ptext36                        text36       003B18
__ptext37                        text37       003B2A
__ptext38                        text38       003B3C
__ptext39                        text39       003B7E
__ptext4                         text4        00144C
__ptext40                        text40       003A2A
__ptext41                        text41       003052
__ptext42                        text42       0026D6
__ptext43                        text43       003B8A
__ptext44                        text44       003B96
__ptext45                        text45       003BA2
__ptext46                        text46       00357E
__ptext47                        text47       0016F0
__ptext48                        text48       002DD6
__ptext49                        text49       003AAA
__ptext5                         text5        0037CA
__ptext50                        text50       003A44
__ptext51                        text51       0030EA
__ptext52                        text52       002790
__ptext53                        text53       0035D6
__ptext54                        text54       00197E
__ptext55                        text55       002E76
__ptext56                        text56       003AC2
__ptext57                        text57       003A5E
__ptext58                        text58       003182
__ptext59                        text59       00284A
__ptext6                         text6        00388E
__ptext60                        text60       00362E
__ptext61                        text61       001C0C
__ptext62                        text62       002F16
__ptext63                        text63       003ADA
__ptext64                        text64       003A78
__ptext65                        text65       00321A
__ptext66                        text66       002904
__ptext67                        text67       0029BE
__ptext68                        text68       003322
__ptext69                        text69       002458
__ptext7                         text7        002610
__ptext70                        text70       00377E
__ptext71                        text71       0038FE
__ptext72                        text72       003A0C
__ptext73                        text73       003936
__ptext74                        text74       003962
__ptext75                        text75       00398A
__ptext76                        text76       003686
__ptext77                        text77       002C90
__ptext8                         text8        00380E
__ptext9                         text9        002546
__ramtop                         ramtop       000800
__smallconst                     smallconst   000800
_backlight_val                   dataBANK0    0000F4
_data                            dataBANK1    000114
_data_buffer                     bssBANK0     0000C9
_dbuf                            bssBANK0     00006D
_flags                           bssBANK0     000066
_fputc                           text9        002546
_fputs                           text8        00380E
_i2c_addr                        nvBANK0      0000F2
_isalpha                         text12       003852
_islower                         text6        00388E
_isupper                         text11       0038C6
_main                            text0        000CE8
_nout                            bssBANK0     000060
_pad                             text7        002610
_prec                            bssBANK0     000064
_putch                           text10       003BAE
_sprintf                         text1        0036DE
_status_1                        bssBANK0     00006C
_status_2                        bssBANK0     00006B
_status_3                        bssBANK0     00006A
_status_4                        bssBANK0     000069
_strlen                          text14       003730
_toupper                         text5        0037CA
_vfpfcnvrt                       text3        001E9A
_vfprintf                        text2        0034C4
_width                           bssBANK0     000062
_xtoa                            text4        00144C
end_of_initialization            cinit        003574
fputc@c                          cstackCOMRAM 000001
fputc@fp                         cstackCOMRAM 000003
fputs@c                          cstackCOMRAM 00000E
fputs@fp                         cstackCOMRAM 00000C
fputs@i                          cstackCOMRAM 00000F
fputs@s                          cstackCOMRAM 00000A
intlevel0                        text         000000
intlevel1                        text         000000
intlevel2                        text         000000
intlevel3                        text         000000
isa$std                          (abs)        000001
isa$xinst                        (abs)        000000
isalpha@c                        cstackCOMRAM 000001
islower@c                        cstackCOMRAM 000001
isupper@c                        cstackCOMRAM 000001
main@i                           cstackBANK0  0000EF
main@i_317                       cstackBANK0  0000F0
main@i_321                       cstackBANK0  0000F1
pad@buf                          cstackCOMRAM 000013
pad@fp                           cstackCOMRAM 000011
pad@i                            cstackCOMRAM 000018
pad@p                            cstackCOMRAM 000015
pad@w                            cstackCOMRAM 00001A
sprintf@ap                       cstackBANK0  0000E0
sprintf@f                        cstackBANK0  0000E2
sprintf@fmt                      cstackCOMRAM 00005C
sprintf@s                        cstackCOMRAM 00005A
stackhi                          (abs)        000000
stacklo                          (abs)        000000
start                            init         000000
start_initialization             cinit        003526
strlen@a                         cstackCOMRAM 000003
strlen@s                         cstackCOMRAM 000001
toupper@c                        cstackCOMRAM 000007
vfpfcnvrt@ap                     cstackCOMRAM 000043
vfpfcnvrt@c                      cstackCOMRAM 000051
vfpfcnvrt@fmt                    cstackCOMRAM 000041
vfpfcnvrt@fp                     cstackCOMRAM 00003F
vfpfcnvrt@llu                    cstackCOMRAM 000049
vfprintf@ap                      cstackCOMRAM 000056
vfprintf@cfmt                    cstackCOMRAM 000058
vfprintf@fmt                     cstackCOMRAM 000054
vfprintf@fp                      cstackCOMRAM 000052
xtoa@c                           cstackCOMRAM 00003D
xtoa@d                           cstackCOMRAM 00001E
xtoa@fp                          cstackCOMRAM 00001C
xtoa@i                           cstackCOMRAM 00003B
xtoa@n                           cstackCOMRAM 000033
xtoa@p                           cstackCOMRAM 00002F
xtoa@w                           cstackCOMRAM 000031
xtoa@x                           cstackCOMRAM 000026


MODULE INFORMATION

Module		Function		Class		Link	Load	Size
D:\Program Files\Microchip\xc8\v2.36\pic\sources\c99\common\xxtofl.c
		___xxtofl      		CODE           	206A	0000	436

D:\Program Files\Microchip\xc8\v2.36\pic\sources\c99\common\xxtofl.c estimated size: 436

D:\Program Files\Microchip\xc8\v2.36\pic\sources\c99\common\strlen.c
		_strlen        		CODE           	3730	0000	78

D:\Program Files\Microchip\xc8\v2.36\pic\sources\c99\common\strlen.c estimated size: 78

D:\Program Files\Microchip\xc8\v2.36\pic\sources\c99\common\islower.c
		_islower       		CODE           	388E	0000	56

D:\Program Files\Microchip\xc8\v2.36\pic\sources\c99\common\islower.c estimated size: 56

D:\Program Files\Microchip\xc8\v2.36\pic\sources\c99\common\nf_fputc.c
		_fputc         		CODE           	2546	0000	202

D:\Program Files\Microchip\xc8\v2.36\pic\sources\c99\common\nf_fputc.c estimated size: 202

D:\Program Files\Microchip\xc8\v2.36\pic\sources\c99\common\toupper.c
		_toupper       		CODE           	37CA	0000	68

D:\Program Files\Microchip\xc8\v2.36\pic\sources\c99\common\toupper.c estimated size: 68

D:\Program Files\Microchip\xc8\v2.36\pic\sources\c99\common\isalpha.c
		_isalpha       		CODE           	3852	0000	60

D:\Program Files\Microchip\xc8\v2.36\pic\sources\c99\common\isalpha.c estimated size: 60

D:\Program Files\Microchip\xc8\v2.36\pic\sources\c99\common\putch.c
		_putch         		CODE           	3BAE	0000	2

D:\Program Files\Microchip\xc8\v2.36\pic\sources\c99\common\putch.c estimated size: 2

D:\Program Files\Microchip\xc8\v2.36\pic\sources\c99\common\doprnt.c
		_vfpfcnvrt     		CODE           	1E9A	0000	464
		_pad           		CODE           	2610	0000	198
		_vfprintf      		CODE           	34C4	0000	98
		_xtoa          		CODE           	144C	0000	676

D:\Program Files\Microchip\xc8\v2.36\pic\sources\c99\common\doprnt.c estimated size: 1436

I2C.c
		_LCD_Cmd       		CODE           	377E	0000	76
		_LCD_Begin     		CODE           	2458	0000	238
		_LCD_Goto      		CODE           	3322	0000	106
		_Expander_Write		CODE           	3A0C	0000	30
		_LCD_Print     		CODE           	29BE	0000	182
		_I2CLCD_Init   		CODE           	3686	0000	88
		_I2CLCD_Stop   		CODE           	3962	0000	40
		_I2CLCD_Write  		CODE           	3936	0000	44
		_I2CLCD_Start  		CODE           	398A	0000	40
		_LCD_Write_Nibble		CODE           	38FE	0000	56

I2C.c estimated size: 900

rc522.c
		_MFRC522_Request		CODE           	345C	0000	104
		_MFRC522_AntiColl2		CODE           	2B28	0000	180
		_MFRC522_AntiColl3		CODE           	2A74	0000	180
		_MFRC522_Set_Bit2		CODE           	3AC2	0000	24
		_MFRC522_Set_Bit3		CODE           	3AAA	0000	24
		_MFRC522_Set_Bit4		CODE           	3A92	0000	24
		_MFRC522_Request2		CODE           	33F4	0000	104
		_MFRC522_Request3		CODE           	338C	0000	104
		_MFRC522_ReadCardSerial		CODE           	39EE	0000	30
		_MFRC522_ReadCardSerial3		CODE           	39B2	0000	30
		_MFRC522_Rd    		CODE           	2904	0000	186
		_MFRC522_Wr    		CODE           	321A	0000	152
		_MFRC522_Rd2   		CODE           	284A	0000	186
		_MFRC522_Rd3   		CODE           	2790	0000	186
		_MFRC522_Rd4   		CODE           	26D6	0000	186
		_MFRC522_CRC   		CODE           	2F16	0000	160
		_MFRC522_Wr2   		CODE           	3182	0000	152
		_MFRC522_Wr3   		CODE           	30EA	0000	152
		_MFRC522_Wr4   		CODE           	3052	0000	152
		_MFRC522_CRC2  		CODE           	2E76	0000	160
		_MFRC522_CRC3  		CODE           	2DD6	0000	160
		_MFRC522_Halt  		CODE           	362E	0000	88
		_MFRC522_Init  		CODE           	221E	0000	308
		_MFRC522_Halt2 		CODE           	35D6	0000	88
		_MFRC522_Halt3 		CODE           	357E	0000	88
		_MFRC522_AntiColl		CODE           	2BDC	0000	180
		_MFRC522_Reset 		CODE           	2D34	0000	162
		_MFRC522_AntennaOn		CODE           	3B3C	0000	18
		_MFRC522_AntennaOn2		CODE           	3B2A	0000	18
		_MFRC522_AntennaOn3		CODE           	3B18	0000	18
		_MFRC522_Clear_Bit		CODE           	3A78	0000	26
		_MFRC522_AntennaOff		CODE           	3BA2	0000	12
		_MFRC522_IsCard		CODE           	3B6E	0000	16
		_MFRC522_ToCard		CODE           	1C0C	0000	654
		_MFRC522_AntennaOn4		CODE           	3B06	0000	18
		_MFRC522_ReadCardSerial2		CODE           	39D0	0000	30
		_MFRC522_Clear_Bit2		CODE           	3A5E	0000	26
		_MFRC522_Clear_Bit3		CODE           	3A44	0000	26
		_MFRC522_Clear_Bit4		CODE           	3A2A	0000	26
		_MFRC522_IsCard2		CODE           	3B5E	0000	16
		_MFRC522_ToCard2		CODE           	197E	0000	654
		_MFRC522_IsCard3		CODE           	3B4E	0000	16
		_MFRC522_ToCard3		CODE           	16F0	0000	654
		_MFRC522_AntennaOff2		CODE           	3B96	0000	12
		_MFRC522_AntennaOff3		CODE           	3B8A	0000	12
		_MFRC522_AntennaOff4		CODE           	3B7E	0000	12
		_MFRC522_Set_Bit		CODE           	3ADA	0000	24

rc522.c estimated size: 5838

D:\Program Files\Microchip\xc8\v2.36\pic\sources\c99\common\__lldiv.c
		___lldiv       		CODE           	2C90	0000	164

D:\Program Files\Microchip\xc8\v2.36\pic\sources\c99\common\__lldiv.c estimated size: 164

D:\Program Files\Microchip\xc8\v2.36\pic\sources\c99\common\sprcdiv.c
		___fldiv       		CODE           	10B2	0000	922

D:\Program Files\Microchip\xc8\v2.36\pic\sources\c99\common\sprcdiv.c estimated size: 922

D:\Program Files\Microchip\xc8\v2.36\pic\sources\c99\common\fltol.c
		___fltol       		CODE           	2352	0000	262

D:\Program Files\Microchip\xc8\v2.36\pic\sources\c99\common\fltol.c estimated size: 262

shared
		__initialization		CODE           	3526	0000	78

shared estimated size: 78

D:\Program Files\Microchip\xc8\v2.36\pic\sources\c99\common\nf_fputs.c
		_fputs         		CODE           	380E	0000	68

D:\Program Files\Microchip\xc8\v2.36\pic\sources\c99\common\nf_fputs.c estimated size: 68

D:\Program Files\Microchip\xc8\v2.36\pic\sources\c99\common\sprcadd.c
		___fladd       		CODE           	0828	0000	1216

D:\Program Files\Microchip\xc8\v2.36\pic\sources\c99\common\sprcadd.c estimated size: 1216

main.c
		_main          		CODE           	0CE8	0000	970
		_USART_TxChar  		CODE           	32B2	0000	112
		_USART_Init    		CODE           	2FB6	0000	156

main.c estimated size: 1238

D:\Program Files\Microchip\xc8\v2.36\pic\sources\c99\common\nf_sprintf.c
		_sprintf       		CODE           	36DE	0000	82

D:\Program Files\Microchip\xc8\v2.36\pic\sources\c99\common\nf_sprintf.c estimated size: 82

D:\Program Files\Microchip\xc8\v2.36\pic\sources\c99\common\isupper.c
		_isupper       		CODE           	38C6	0000	56

D:\Program Files\Microchip\xc8\v2.36\pic\sources\c99\common\isupper.c estimated size: 56

